---
source: shellfirm/src/checks.rs
expression: "is_match(&check, \"rm -rf /test\")"
---
false
