---
source: shellfirm/src/checks.rs
expression: "is_match(&check, \"test is valid\")"
---
true
