---
source: shellfirm/src/checks.rs
expression: "is_match(&check, \"not-found\")"
---
false
